// Vitest Snapshot v1, https://vitest.dev/guide/snapshot.html

exports[`multi-artwork connected-script compilation > stays byte-exact and measurable 1`] = `
{
  "codeUnitCount": 1035744,
  "head": [
    "G21",
    "G90",
    "G54",
    "G94",
    "G17",
    "G0 Z3.810",
    "M3 S12000",
    "G4 P3.000",
    "; cnc layer-id: connected-script-0",
    "; cnc operation: v-carve; passes: 8",
    "; cnc tool-id: vb-60",
    "; cnc tool-name: 60° V-bit — 6.35 mm (1/4") cut",
    "; cnc tool: v-bit; diameter-mm: 6.350; angle-deg: 60.000",
    "; cnc depth: per-pass-mm: 1.500",
    "; cnc v-resolution-mm: auto",
    "; cnc v-carve-depth: flowing-width",
  ],
  "lineCount": 42323,
  "samples": [
    {
      "line": "G21",
      "lineIndex": 0,
    },
    {
      "line": "X100.833Y363.915Z-1.434",
      "lineIndex": 3847,
    },
    {
      "line": "X58.981Y351.534Z-2.310",
      "lineIndex": 7695,
    },
    {
      "line": "X151.040Y365.201Z-2.306F591",
      "lineIndex": 11542,
    },
    {
      "line": "X178.198Y354.096Z-2.379",
      "lineIndex": 15390,
    },
    {
      "line": "X251.467Y349.092Z-1.696",
      "lineIndex": 19237,
    },
    {
      "line": "X41.000Y332.120Z0.000",
      "lineIndex": 23085,
    },
    {
      "line": "X130.424Y303.703Z-0.933F465",
      "lineIndex": 26932,
    },
    {
      "line": "X77.501Y310.842Z-2.204",
      "lineIndex": 30780,
    },
    {
      "line": "X230.911Y314.104Z-0.833",
      "lineIndex": 34627,
    },
    {
      "line": "X197.111Y308.161Z-2.456",
      "lineIndex": 38475,
    },
    {
      "line": "",
      "lineIndex": 42322,
    },
  ],
  "tail": [
    "X223.485Y325.182Z-2.642F1000",
    "X223.406Y325.146Z-2.649",
    "X223.285Y325.083Z-2.643",
    "X223.845Y323.655Z0.000",
    "X223.285Y325.083Z-2.643F346",
    "X223.110Y325.010Z-2.607F1000",
    "X222.896Y324.929Z-2.501",
    "X222.796Y324.899Z-2.438",
    "X222.638Y324.849Z-2.289",
    "X222.556Y324.813Z-2.182",
    "X222.471Y324.769Z-2.045",
    "X221.280Y324.800Z0.000",
    "G0 Z3.810",
    "M5",
    "G0 X0.000 Y0.000",
    "",
  ],
  "utf8ByteCount": 1035756,
}
`;
