// Vitest Snapshot v1, https://vitest.dev/guide/snapshot.html

exports[`multi-artwork connected-script compilation > stays byte-exact and measurable 1`] = `
{
  "codeUnitCount": 1100098,
  "head": [
    "G21",
    "G90",
    "G54",
    "G94",
    "G17",
    "G0 Z3.810",
    "M3 S12000",
    "G4 P3.000",
    "; cnc layer-id: connected-script-0",
    "; cnc operation: v-carve; passes: 8",
    "; cnc tool-id: vb-60",
    "; cnc tool-name: 60deg V-bit - 6.35 mm (1/4") cut",
    "; cnc tool: v-bit; diameter-mm: 6.350; angle-deg: 60.000",
    "; cnc depth: per-pass-mm: 1.500",
    "; cnc v-resolution-mm: auto",
    "; cnc v-carve-depth: flowing-width",
  ],
  "lineCount": 44457,
  "samples": [
    {
      "line": "G21",
      "lineIndex": 0,
    },
    {
      "line": "X125.090Y345.639Z-0.753",
      "lineIndex": 4041,
    },
    {
      "line": "X46.117Y355.839Z-0.787F471",
      "lineIndex": 8083,
    },
    {
      "line": "X146.272Y355.257Z-1.918F388",
      "lineIndex": 12124,
    },
    {
      "line": "X165.544Y351.519Z-1.500",
      "lineIndex": 16166,
    },
    {
      "line": "X224.731Y351.904Z-2.026F388",
      "lineIndex": 20207,
    },
    {
      "line": "X44.226Y326.264Z-1.939",
      "lineIndex": 24249,
    },
    {
      "line": "X98.058Y314.721Z-2.242",
      "lineIndex": 28290,
    },
    {
      "line": "X118.499Y305.963Z-0.867F910",
      "lineIndex": 32332,
    },
    {
      "line": "X192.532Y306.667Z-0.926",
      "lineIndex": 36373,
    },
    {
      "line": "X255.291Y318.716Z-0.847",
      "lineIndex": 40415,
    },
    {
      "line": "",
      "lineIndex": 44456,
    },
  ],
  "tail": [
    "X223.169Y325.033Z-2.613F1000",
    "X223.544Y323.559Z0.000",
    "X223.169Y325.033Z-2.613F347",
    "X223.062Y324.999Z-2.578F1000",
    "X222.925Y324.943Z-2.512",
    "X222.789Y324.908Z-2.419",
    "X222.687Y324.869Z-2.330",
    "X222.628Y324.855Z-2.267",
    "X222.555Y324.830Z-2.174",
    "X222.487Y324.791Z-2.066",
    "X221.281Y324.800Z0.000",
    "X221.280Y324.800Z0.000",
    "G0 Z3.810",
    "M5",
    "G0 X0.000 Y0.000",
    "",
  ],
  "utf8ByteCount": 1100098,
}
`;
