// Vitest Snapshot v1, https://vitest.dev/guide/snapshot.html

exports[`keeps real connected-script multi-operation plans and emitted bytes exact 1`] = `
{
  "fingerprint": {
    "chars": 361151,
    "fnv1a": 833675677,
    "lines": 14712,
  },
  "head": [
    "G21",
    "G90",
    "G54",
    "G94",
    "G17",
  ],
  "lineCount": 14712,
  "samples": [
    {
      "line": "G21",
      "lineIndex": 0,
    },
    {
      "line": "X101.197Y362.108Z-0.550",
      "lineIndex": 2452,
    },
    {
      "line": "X97.678Y368.689Z-2.201",
      "lineIndex": 4904,
    },
    {
      "line": "X181.860Y370.706Z-1.500",
      "lineIndex": 7356,
    },
    {
      "line": "X168.591Y369.177Z-4.500",
      "lineIndex": 9807,
    },
    {
      "line": "X185.401Y381.898Z-3.612",
      "lineIndex": 12259,
    },
    {
      "line": "",
      "lineIndex": 14711,
    },
  ],
  "tail": [
    "G1 X180.826 Y327.588 Z-1.000",
    "G0 Z3.810",
    "M5",
    "G0 X0.000 Y0.000",
    "",
  ],
  "utf8ByteCount": 361160,
}
`;
