// Vitest Snapshot v1, https://vitest.dev/guide/snapshot.html

exports[`keeps real connected-script multi-operation plans and emitted bytes exact 1`] = `
{
  "fingerprint": {
    "chars": 343842,
    "fnv1a": 3033308481,
    "lines": 13926,
  },
  "head": [
    "G21",
    "G90",
    "G54",
    "G94",
    "G17",
  ],
  "lineCount": 13926,
  "samples": [
    {
      "line": "G21",
      "lineIndex": 0,
    },
    {
      "line": "X81.541Y361.295Z-1.500F1000",
      "lineIndex": 2321,
    },
    {
      "line": "X88.548Y363.232Z-2.248",
      "lineIndex": 4642,
    },
    {
      "line": "X207.775Y360.731Z0.000F1000",
      "lineIndex": 6963,
    },
    {
      "line": "X177.863Y356.157Z-3.596",
      "lineIndex": 9283,
    },
    {
      "line": "X188.244Y378.676Z-3.890",
      "lineIndex": 11604,
    },
    {
      "line": "",
      "lineIndex": 13925,
    },
  ],
  "tail": [
    "G1 X180.826 Y327.588 Z-1.000",
    "G0 Z3.810",
    "M5",
    "G0 X0.000 Y0.000",
    "",
  ],
  "utf8ByteCount": 343842,
}
`;
