// Vitest Snapshot v1, https://vitest.dev/guide/snapshot.html

exports[`keeps real connected-script multi-operation plans and emitted bytes exact 1`] = `
{
  "fingerprint": {
    "chars": 361131,
    "fnv1a": 827535580,
    "lines": 14707,
  },
  "head": [
    "G21",
    "G90",
    "G54",
    "G94",
    "G17",
  ],
  "lineCount": 14707,
  "samples": [
    {
      "line": "G21",
      "lineIndex": 0,
    },
    {
      "line": "X100.757Y361.670Z-0.538",
      "lineIndex": 2451,
    },
    {
      "line": "X97.492Y368.899Z-2.184F1000",
      "lineIndex": 4902,
    },
    {
      "line": "X182.124Y370.312Z-1.500",
      "lineIndex": 7353,
    },
    {
      "line": "X168.690Y368.255Z-4.500",
      "lineIndex": 9804,
    },
    {
      "line": "X184.894Y381.918Z-3.522",
      "lineIndex": 12255,
    },
    {
      "line": "",
      "lineIndex": 14706,
    },
  ],
  "tail": [
    "G1 X180.826 Y327.588 Z-1.000",
    "G0 Z3.810",
    "M5",
    "G0 X0.000 Y0.000",
    "",
  ],
  "utf8ByteCount": 361140,
}
`;
