// Vitest Snapshot v1, https://vitest.dev/guide/snapshot.html

exports[`runCncSupervisedRecoveryFlow > streams a sealed exact artifact without reading or mutating the open project 1`] = `
"G21
G90
G54
G94
G17
G0 Z3.810
M3 S12000
G4 P3.000
; cnc layer-id: red
; cnc operation: profile-on-path; passes: 1
; cnc tool-id: em-3175
; cnc tool-name: 3.175 mm (1/8") end mill
; cnc tool: end-mill; diameter-mm: 3.175
; cnc depth: requested-mm: 1.000; per-pass-mm: 1.500
; cnc motion: feed-mm-min: 1000; plunge-mm-min: 300
; cnc spindle-rpm: 12000
; cnc feed-source: manual
G0 X25.000 Y390.000
G1 Z-1.000 F300
G1 X30.000 Y390.000 F1000
G1 X50.000 Y390.000
G1 X70.000 Y390.000
G0 Z3.810
M5
G0 X0.000 Y0.000
"
`;
